Archive member included because of file (symbol)

/usr/bin/../lib/gcc/arm-none-eabi/4.8.4/../../../../arm-none-eabi/lib/armv7-m/libg.a(lib_a-errno.o)
                              ./system/src/newlib/_sbrk.o (__errno)
/usr/bin/../lib/gcc/arm-none-eabi/4.8.4/../../../../arm-none-eabi/lib/armv7-m/libg.a(lib_a-impure.o)
                              /usr/bin/../lib/gcc/arm-none-eabi/4.8.4/../../../../arm-none-eabi/lib/armv7-m/libg.a(lib_a-errno.o) (_impure_ptr)
/usr/bin/../lib/gcc/arm-none-eabi/4.8.4/../../../../arm-none-eabi/lib/armv7-m/libg.a(lib_a-strlen.o)
                              ./system/src/diag/Trace.o (strlen)
/usr/bin/../lib/gcc/arm-none-eabi/4.8.4/../../../../arm-none-eabi/lib/armv7-m/libg.a(lib_a-strncmp.o)
                              ./src/ATcmd_object.o (strncmp)
/usr/bin/../lib/gcc/arm-none-eabi/4.8.4/../../../../arm-none-eabi/lib/armv7-m/libg.a(lib_a-strtok.o)
                              ./src/ATcmd_object.o (strtok)
/usr/bin/../lib/gcc/arm-none-eabi/4.8.4/../../../../arm-none-eabi/lib/armv7-m/libg.a(lib_a-strtok_r.o)
                              /usr/bin/../lib/gcc/arm-none-eabi/4.8.4/../../../../arm-none-eabi/lib/armv7-m/libg.a(lib_a-strtok.o) (__strtok_r)
/usr/bin/../lib/gcc/arm-none-eabi/4.8.4/../../../../arm-none-eabi/lib/armv7-m/libg.a(lib_a-vsnprintf.o)
                              ./system/src/diag/Trace.o (vsnprintf)
/usr/bin/../lib/gcc/arm-none-eabi/4.8.4/../../../../arm-none-eabi/lib/armv7-m/libg.a(lib_a-svfprintf.o)
                              /usr/bin/../lib/gcc/arm-none-eabi/4.8.4/../../../../arm-none-eabi/lib/armv7-m/libg.a(lib_a-vsnprintf.o) (_svfprintf_r)
/usr/bin/../lib/gcc/arm-none-eabi/4.8.4/../../../../arm-none-eabi/lib/armv7-m/libg.a(lib_a-dtoa.o)
                              /usr/bin/../lib/gcc/arm-none-eabi/4.8.4/../../../../arm-none-eabi/lib/armv7-m/libg.a(lib_a-svfprintf.o) (_dtoa_r)
/usr/bin/../lib/gcc/arm-none-eabi/4.8.4/../../../../arm-none-eabi/lib/armv7-m/libg.a(lib_a-locale.o)
                              /usr/bin/../lib/gcc/arm-none-eabi/4.8.4/../../../../arm-none-eabi/lib/armv7-m/libg.a(lib_a-svfprintf.o) (_localeconv_r)
/usr/bin/../lib/gcc/arm-none-eabi/4.8.4/../../../../arm-none-eabi/lib/armv7-m/libg.a(lib_a-mallocr.o)
                              /usr/bin/../lib/gcc/arm-none-eabi/4.8.4/../../../../arm-none-eabi/lib/armv7-m/libg.a(lib_a-svfprintf.o) (_malloc_r)
/usr/bin/../lib/gcc/arm-none-eabi/4.8.4/../../../../arm-none-eabi/lib/armv7-m/libg.a(lib_a-memchr-stub.o)
                              /usr/bin/../lib/gcc/arm-none-eabi/4.8.4/../../../../arm-none-eabi/lib/armv7-m/libg.a(lib_a-svfprintf.o) (memchr)
/usr/bin/../lib/gcc/arm-none-eabi/4.8.4/../../../../arm-none-eabi/lib/armv7-m/libg.a(lib_a-memcpy.o)
                              /usr/bin/../lib/gcc/arm-none-eabi/4.8.4/../../../../arm-none-eabi/lib/armv7-m/libg.a(lib_a-dtoa.o) (memcpy)
/usr/bin/../lib/gcc/arm-none-eabi/4.8.4/../../../../arm-none-eabi/lib/armv7-m/libg.a(lib_a-mlock.o)
                              /usr/bin/../lib/gcc/arm-none-eabi/4.8.4/../../../../arm-none-eabi/lib/armv7-m/libg.a(lib_a-mallocr.o) (__malloc_lock)
/usr/bin/../lib/gcc/arm-none-eabi/4.8.4/../../../../arm-none-eabi/lib/armv7-m/libg.a(lib_a-mprec.o)
                              /usr/bin/../lib/gcc/arm-none-eabi/4.8.4/../../../../arm-none-eabi/lib/armv7-m/libg.a(lib_a-dtoa.o) (_Balloc)
/usr/bin/../lib/gcc/arm-none-eabi/4.8.4/../../../../arm-none-eabi/lib/armv7-m/libg.a(lib_a-s_fpclassify.o)
                              /usr/bin/../lib/gcc/arm-none-eabi/4.8.4/../../../../arm-none-eabi/lib/armv7-m/libg.a(lib_a-svfprintf.o) (__fpclassifyd)
/usr/bin/../lib/gcc/arm-none-eabi/4.8.4/../../../../arm-none-eabi/lib/armv7-m/libg.a(lib_a-sbrkr.o)
                              /usr/bin/../lib/gcc/arm-none-eabi/4.8.4/../../../../arm-none-eabi/lib/armv7-m/libg.a(lib_a-mallocr.o) (_sbrk_r)
/usr/bin/../lib/gcc/arm-none-eabi/4.8.4/../../../../arm-none-eabi/lib/armv7-m/libg.a(lib_a-strcmp.o)
                              /usr/bin/../lib/gcc/arm-none-eabi/4.8.4/../../../../arm-none-eabi/lib/armv7-m/libg.a(lib_a-locale.o) (strcmp)
/usr/bin/../lib/gcc/arm-none-eabi/4.8.4/../../../../arm-none-eabi/lib/armv7-m/libg.a(lib_a-svfiprintf.o)
                              /usr/bin/../lib/gcc/arm-none-eabi/4.8.4/../../../../arm-none-eabi/lib/armv7-m/libg.a(lib_a-svfprintf.o) (__ssprint_r)
/usr/bin/../lib/gcc/arm-none-eabi/4.8.4/../../../../arm-none-eabi/lib/armv7-m/libg.a(lib_a-callocr.o)
                              /usr/bin/../lib/gcc/arm-none-eabi/4.8.4/../../../../arm-none-eabi/lib/armv7-m/libg.a(lib_a-mprec.o) (_calloc_r)
/usr/bin/../lib/gcc/arm-none-eabi/4.8.4/../../../../arm-none-eabi/lib/armv7-m/libg.a(lib_a-freer.o)
                              /usr/bin/../lib/gcc/arm-none-eabi/4.8.4/../../../../arm-none-eabi/lib/armv7-m/libg.a(lib_a-mallocr.o) (_free_r)
/usr/bin/../lib/gcc/arm-none-eabi/4.8.4/../../../../arm-none-eabi/lib/armv7-m/libg.a(lib_a-memmove.o)
[...]
Memory Configuration

Name             Origin             Length             Attributes
RAM              0x0000000020000000 0x0000000000010000 xrw
CCMRAM           0x0000000000000000 0x0000000000000000 xrw
FLASH            0x0000000008000000 0x0000000000080000 xr
FLASHB1          0x0000000000000000 0x0000000000000000 xr
EXTMEMB0         0x0000000000000000 0x0000000000000000 xr
EXTMEMB1         0x0000000000000000 0x0000000000000000 xr
EXTMEMB2         0x0000000000000000 0x0000000000000000 xr
EXTMEMB3         0x0000000000000000 0x0000000000000000 xr
MEMORY_ARRAY     0x0000000000000000 0x0000000000000000 xrw
*default*        0x0000000000000000 0xffffffffffffffff

Linker script and memory map

LOAD ./system/src/stm32f1-stdperiph/misc.o
LOAD ./system/src/stm32f1-stdperiph/stm32f10x_gpio.o
LOAD ./system/src/stm32f1-stdperiph/stm32f10x_rcc.o
LOAD ./system/src/newlib/_cxx.o
LOAD ./system/src/newlib/_exit.o
LOAD ./system/src/newlib/_sbrk.o
LOAD ./system/src/newlib/_startup.o
LOAD ./system/src/newlib/_syscalls.o
LOAD ./system/src/newlib/_write.o
LOAD ./system/src/newlib/assert.o
LOAD ./system/src/diag/Trace.o
LOAD ./system/src/diag/trace_impl.o
LOAD ./system/src/cortexm/_initialize_hardware.o
LOAD ./system/src/cortexm/_reset_hardware.o
LOAD ./system/src/cortexm/exception_handlers.o
LOAD ./system/src/cmsis/system_stm32f10x.o
LOAD ./system/src/cmsis/vectors_stm32f10x.o
LOAD ./src/ATcmd_object.o
LOAD ./src/DefaultFonts.o
LOAD ./src/FSMCDriver.o
LOAD ./src/delay.o
LOAD ./src/lcd_object.o
LOAD ./src/main.o
LOAD ./src/stm32f10x_fsmc.o
LOAD ./src/stm32f10x_usart.o
LOAD ./src/uart_object.o
LOAD /usr/bin/../lib/gcc/arm-none-eabi/4.8.4/../../../../arm-none-eabi/lib/armv7-m/libstdc++.a
LOAD /usr/bin/../lib/gcc/arm-none-eabi/4.8.4/../../../../arm-none-eabi/lib/armv7-m/libm.a
START GROUP
LOAD /usr/bin/../lib/gcc/arm-none-eabi/4.8.4/armv7-m/libgcc.a
LOAD /usr/bin/../lib/gcc/arm-none-eabi/4.8.4/../../../../arm-none-eabi/lib/armv7-m/libg.a
LOAD /usr/bin/../lib/gcc/arm-none-eabi/4.8.4/../../../../arm-none-eabi/lib/armv7-m/libc.a
END GROUP
                0x0000000020010000                __stack = (ORIGIN (RAM) + 0x10000)
                0x0000000020010000                _estack = __stack
                0x0000000000000400                __Main_Stack_Size = 0x400
                0x0000000000000400                PROVIDE (_Main_Stack_Size, __Main_Stack_Size)
                0x000000002000fc00                __Main_Stack_Limit = (__stack - __Main_Stack_Size)
                0x000000002000fc00                PROVIDE (_Main_Stack_Limit, __Main_Stack_Limit)
                0x0000000000000100                _Minimum_Stack_Size = 0x100
                0x0000000020000c04                PROVIDE (_Heap_Begin, _end_noinit)
                0x000000002000fc00                PROVIDE (_Heap_Limit, (__stack - __Main_Stack_Size))

.isr_vector     0x0000000008000000      0x3b4
                0x0000000008000000                . = ALIGN (0x4)
 *(.isr_vector)
 .isr_vector    0x0000000008000000      0x1e4 ./system/src/cmsis/vectors_stm32f10x.o
                0x0000000008000000                __isr_vectors
 *(.cfmconfig)
 *(.after_vectors .after_vectors.*)
 .after_vectors
                0x00000000080001e4      0x178 ./system/src/newlib/_startup.o
                0x00000000080001e4                _start
 .after_vectors
                0x000000000800035c       0x50 ./system/src/cortexm/exception_handlers.o
                0x000000000800035c                Reset_Handler
                0x0000000008000364                NMI_Handler
                0x000000000800036c                HardFault_Handler
                0x0000000008000374                MemManage_Handler
                0x000000000800037c                BusFault_Handler
                0x0000000008000384                UsageFault_Handler
                0x000000000800038c                SVC_Handler
                0x0000000008000394                DebugMon_Handler
                0x000000000800039c                PendSV_Handler
 .after_vectors
                0x00000000080003ac        0x8 ./system/src/cmsis/vectors_stm32f10x.o
                0x00000000080003ac                EXTI2_IRQHandler
                0x00000000080003ac                TIM8_TRG_COM_IRQHandler
                0x00000000080003ac                TIM8_CC_IRQHandler
                0x00000000080003ac                TIM1_CC_IRQHandler
                0x00000000080003ac                TIM6_IRQHandler
                0x00000000080003ac                PVD_IRQHandler
                0x00000000080003ac                SDIO_IRQHandler
                0x00000000080003ac                CAN2_RX1_IRQHandler
                0x00000000080003ac                EXTI3_IRQHandler
                0x00000000080003ac                TIM8_TRG_COM_TIM14_IRQHandler
                0x00000000080003ac                TIM1_UP_TIM10_IRQHandler
                0x00000000080003ac                TIM8_UP_TIM13_IRQHandler
                0x00000000080003ac                EXTI0_IRQHandler
                0x00000000080003ac                I2C2_EV_IRQHandler
                0x00000000080003ac                CAN1_RX0_IRQHandler
                0x00000000080003ac                TIM1_UP_TIM16_IRQHandler
                0x00000000080003ac                CAN2_SCE_IRQHandler
                0x00000000080003ac                ADC1_2_IRQHandler
                0x00000000080003ac                SPI1_IRQHandler
                0x00000000080003ac                TAMPER_IRQHandler
                0x00000000080003ac                TIM6_DAC_IRQHandler
                0x00000000080003ac                TIM1_BRK_TIM9_IRQHandler
                0x00000000080003ac                CAN2_RX0_IRQHandler
                0x00000000080003ac                TIM8_UP_IRQHandler
                0x00000000080003ac                DMA2_Channel2_IRQHandler
                0x00000000080003ac                DMA1_Channel4_IRQHandler
                0x00000000080003ac                USART3_IRQHandler
                0x00000000080003ac                RTC_IRQHandler
                0x00000000080003ac                DMA1_Channel7_IRQHandler
                0x00000000080003ac                CAN1_RX1_IRQHandler
                0x00000000080003ac                UART5_IRQHandler
                0x00000000080003ac                ADC3_IRQHandler
                0x00000000080003ac                TIM4_IRQHandler
                0x00000000080003ac                DMA2_Channel1_IRQHandler
                0x00000000080003ac                I2C1_EV_IRQHandler
                0x00000000080003ac                DMA1_Channel6_IRQHandler
                0x00000000080003ac                UART4_IRQHandler
                0x00000000080003ac                DMA2_Channel4_IRQHandler
                0x00000000080003ac                TIM3_IRQHandler
                0x00000000080003ac                RCC_IRQHandler
                0x00000000080003ac                TIM8_BRK_TIM12_IRQHandler
                0x00000000080003ac                TIM1_TRG_COM_IRQHandler
                0x00000000080003ac                DMA1_Channel1_IRQHandler
                0x00000000080003ac                Default_Handler
                0x00000000080003ac                CEC_IRQHandler
                0x00000000080003ac                EXTI15_10_IRQHandler
                0x00000000080003ac                TIM14_IRQHandler
                0x00000000080003ac                TIM13_IRQHandler
                0x00000000080003ac                TIM12_IRQHandler
                0x00000000080003ac                TIM7_IRQHandler
                0x00000000080003ac                CAN2_TX_IRQHandler
                0x00000000080003ac                TIM5_IRQHandler
                0x00000000080003ac                EXTI9_5_IRQHandler
                0x00000000080003ac                ETH_WKUP_IRQHandler
                0x00000000080003ac                SPI2_IRQHandler
                0x00000000080003ac                CAN1_TX_IRQHandler
                0x00000000080003ac                DMA2_Channel5_IRQHandler
                0x00000000080003ac                DMA1_Channel5_IRQHandler
                0x00000000080003ac                EXTI4_IRQHandler
                0x00000000080003ac                USB_LP_CAN1_RX0_IRQHandler
                0x00000000080003ac                TIM1_TRG_COM_TIM17_IRQHandler
                0x00000000080003ac                USB_HP_CAN1_TX_IRQHandler
                0x00000000080003ac                DMA1_Channel3_IRQHandler
                0x00000000080003ac                FSMC_IRQHandler
                0x00000000080003ac                ETH_IRQHandler
                0x00000000080003ac                TIM1_UP_IRQHandler
                0x00000000080003ac                WWDG_IRQHandler
                0x00000000080003ac                TIM2_IRQHandler
                0x00000000080003ac                OTG_FS_WKUP_IRQHandler
                0x00000000080003ac                TIM1_TRG_COM_TIM11_IRQHandler
                0x00000000080003ac                TIM1_BRK_IRQHandler
                0x00000000080003ac                EXTI1_IRQHandler
                0x00000000080003ac                RTCAlarm_IRQHandler
                0x00000000080003ac                DMA2_Channel4_5_IRQHandler
                0x00000000080003ac                USART2_IRQHandler
                0x00000000080003ac                I2C2_ER_IRQHandler
                0x00000000080003ac                DMA1_Channel2_IRQHandler
                0x00000000080003ac                TIM8_BRK_IRQHandler
                0x00000000080003ac                CAN1_SCE_IRQHandler
                0x00000000080003ac                FLASH_IRQHandler
                0x00000000080003ac                OTG_FS_IRQHandler
                0x00000000080003ac                SPI3_IRQHandler
                0x00000000080003ac                I2C1_ER_IRQHandler
                0x00000000080003ac                USBWakeUp_IRQHandler
                0x00000000080003ac                DMA2_Channel3_IRQHandler
                0x00000000080003ac                TIM1_BRK_TIM15_IRQHandler
                0x00000000080003b4                . = ALIGN (0x4)

.inits          0x00000000080003b4        0x0
                0x00000000080003b4                . = ALIGN (0x4)
 *(.init)
 *(.fini)
                0x00000000080003b4                . = ALIGN (0x4)
                0x00000000080003b4                PROVIDE (__preinit_array_start, .)
 *(.preinit_array_sysinit .preinit_array_sysinit.*)
 *(.preinit_array_platform .preinit_array_platform.*)
 *(.preinit_array .preinit_array.*)
                0x00000000080003b4                PROVIDE (__preinit_array_end, .)
                0x00000000080003b4                . = ALIGN (0x4)
                0x00000000080003b4                PROVIDE (__init_array_start, .)
 *(SORT(.init_array.*))
 *(.init_array)
                0x00000000080003b4                PROVIDE (__init_array_end, .)
                0x00000000080003b4                . = ALIGN (0x4)
                0x00000000080003b4                PROVIDE (__fini_array_start, .)
 *(SORT(.fini_array.*))
 *(.fini_array)
                0x00000000080003b4                PROVIDE (__fini_array_end, .)
                0x00000000080003b4                . = ALIGN (0x4)

.flashtext      0x00000000080003b4        0x0
                0x00000000080003b4                . = ALIGN (0x4)
 *(.flashtext .flashtext.*)
                0x00000000080003b4                . = ALIGN (0x4)

.text           0x00000000080003b8     0xa004
                0x00000000080003b8                . = ALIGN (0x4)
 *(.text .text.*)
 .text.NVIC_PriorityGroupConfig
                0x00000000080003b8       0x24 ./system/src/stm32f1-stdperiph/misc.o
                0x00000000080003b8                NVIC_PriorityGroupConfig
 .text.NVIC_Init
                0x00000000080003dc       0xc0 ./system/src/stm32f1-stdperiph/misc.o
                0x00000000080003dc                NVIC_Init
 .text.GPIO_Init
                0x000000000800049c      0x178 ./system/src/stm32f1-stdperiph/stm32f10x_gpio.o
                0x000000000800049c                GPIO_Init
 .text.GPIO_StructInit
                0x0000000008000614       0x28 ./system/src/stm32f1-stdperiph/stm32f10x_gpio.o
                0x0000000008000614                GPIO_StructInit
 .text.GPIO_SetBits
                0x000000000800063c       0x1c ./system/src/stm32f1-stdperiph/stm32f10x_gpio.o
                0x000000000800063c                GPIO_SetBits
 .text.GPIO_ResetBits
                0x0000000008000658       0x1c ./system/src/stm32f1-stdperiph/stm32f10x_gpio.o
                0x0000000008000658                GPIO_ResetBits
 .text.RCC_GetClocksFreq
                0x0000000008000674      0x164 ./system/src/stm32f1-stdperiph/stm32f10x_rcc.o
                0x0000000008000674                RCC_GetClocksFreq
 .text.RCC_AHBPeriphClockCmd
                0x00000000080007d8       0x3c ./system/src/stm32f1-stdperiph/stm32f10x_rcc.o
                0x00000000080007d8                RCC_AHBPeriphClockCmd
 .text.RCC_APB2PeriphClockCmd
                0x0000000008000814       0x3c ./system/src/stm32f1-stdperiph/stm32f10x_rcc.o
                0x0000000008000814                RCC_APB2PeriphClockCmd
 .text._exit    0x0000000008000850        0xc ./system/src/newlib/_exit.o
                0x0000000008000850                _exit
 .text._sbrk    0x000000000800085c       0x68 ./system/src/newlib/_sbrk.o
                0x000000000800085c                _sbrk
 .text.__initialize_args
                0x00000000080008c4       0x28 ./system/src/newlib/_syscalls.o
                0x00000000080008c4                __initialize_args
 .text.__initialize_hardware_early
                0x00000000080008ec        0xc ./system/src/cortexm/_initialize_hardware.o
                0x00000000080008ec                __initialize_hardware_early
 .text.__initialize_hardware
                0x00000000080008f8        0xc ./system/src/cortexm/_initialize_hardware.o
                0x00000000080008f8                __initialize_hardware
 .text.SystemInit
                0x0000000008000904       0x68 ./system/src/cmsis/system_stm32f10x.o
                0x0000000008000904                SystemInit
 .text.SystemCoreClockUpdate
                0x000000000800096c       0xd8 ./system/src/cmsis/system_stm32f10x.o
                0x000000000800096c                SystemCoreClockUpdate
 .text.SetSysClock
                0x0000000008000a44        0xc ./system/src/cmsis/system_stm32f10x.o
 .text.SetSysClockTo72
                0x0000000008000a50      0x100 ./system/src/cmsis/system_stm32f10x.o
 .text.add_char_to_cmd_buf
                0x0000000008000b50       0x30 ./src/ATcmd_object.o
 .text.clean_cmd_buf
                0x0000000008000b80       0x44 ./src/ATcmd_object.o
 .text.get_a_cmd
                0x0000000008000bc4      0x118 ./src/ATcmd_object.o
 .text.get_cmd_index
                0x0000000008000cdc       0x50 ./src/ATcmd_object.o
 .text.get_cmd_param
                0x0000000008000d2c       0xb0 ./src/ATcmd_object.o
 .text.execute_a_cmd
                0x0000000008000ddc       0xac ./src/ATcmd_object.o
 .text.SetDebug
                0x0000000008000e88       0x78 ./src/ATcmd_object.o
 .text.action_idle
                0x0000000008000f00       0x70 ./src/ATcmd_object.o
 .text.object_ATcmd_init
                0x0000000008000f70      0x2cc ./src/ATcmd_object.o
                0x0000000008000f70                object_ATcmd_init
 .text.FSMC_Init
                0x000000000800123c      0x134 ./src/FSMCDriver.o
                0x000000000800123c                FSMC_Init
 .text.NVIC_SetPriority
                0x0000000008001370       0x54 ./src/delay.o
 .text.SysTick_Config
                0x00000000080013c4       0x44 ./src/delay.o
 .text.Systick_Init
                0x0000000008001408       0x28 ./src/delay.o
                0x0000000008001408                Systick_Init
 .text.Delayms  0x0000000008001430       0x28 ./src/delay.o
                0x0000000008001430                Delayms
 .text.TimingDelay_Decrement
                0x0000000008001458       0x24 ./src/delay.o
                0x0000000008001458                TimingDelay_Decrement
 .text.SysTick_Handler
                0x000000000800147c        0xc ./src/delay.o
                0x000000000800147c                SysTick_Handler
 .text.RGB_to_color
                0x0000000008001488       0x38 ./src/lcd_object.o
 .text.Write_Command
                0x00000000080014c0       0x1c ./src/lcd_object.o
 .text.Write_Command_Data
                0x00000000080014dc       0x2c ./src/lcd_object.o
 .text.Write_Data
                0x0000000008001508       0x20 ./src/lcd_object.o
 .text.str_to_uint
                0x0000000008001528       0x54 ./src/lcd_object.o
 .text.SetXY    0x000000000800157c       0x4c ./src/lcd_object.o
 .text.LCD_Init_hx8347a
                0x00000000080015c8      0x1d8 ./src/lcd_object.o
 .text.FillScreen
                0x00000000080017a0       0xd0 ./src/lcd_object.o
 .text.ClearScreen
                0x0000000008001870       0x7c ./src/lcd_object.o
 .text.SetFrontColor
                0x00000000080018ec       0x6c ./src/lcd_object.o
 .text.GetFrontColor_uart1
                0x0000000008001958       0x40 ./src/lcd_object.o
 .text.SetBackColor
                0x0000000008001998       0x6c ./src/lcd_object.o
 .text.GetBackColor_uart1
                0x0000000008001a04       0x40 ./src/lcd_object.o
 .text._DrawPoint
                0x0000000008001a44       0x2c ./src/lcd_object.o
 .text.DrawPoint
                0x0000000008001a70       0x54 ./src/lcd_object.o
 .text._DrawLine_H
                0x0000000008001ac4       0x74 ./src/lcd_object.o
 .text._DrawLine_V
                0x0000000008001b38       0x74 ./src/lcd_object.o
 .text._DrawLine_A
                0x0000000008001bac      0x144 ./src/lcd_object.o
 .text._TestDrawLine
                0x0000000008001cf0       0x4c ./src/lcd_object.o
 .text.DrawLine
                0x0000000008001d3c       0xc0 ./src/lcd_object.o
 .text._DrawRectangle
                0x0000000008001dfc       0x4c ./src/lcd_object.o
 .text._Test_DrawRectangle
                0x0000000008001e48       0x64 ./src/lcd_object.o
 .text.DrawRectangle
                0x0000000008001eac       0x94 ./src/lcd_object.o
 .text._Draw_Circle
                0x0000000008001f40      0x160 ./src/lcd_object.o
 .text._Test_DrawCircle
                0x00000000080020a0       0x98 ./src/lcd_object.o
 .text.DrawCircle
                0x0000000008002138       0xb8 ./src/lcd_object.o
 .text._DrawRRect
                0x00000000080021f0      0x1b4 ./src/lcd_object.o
 .text._Test_DrawRoundRect
                0x00000000080023a4       0x7c ./src/lcd_object.o
 .text.DrawRoundRect
                0x0000000008002420      0x10c ./src/lcd_object.o
 .text._FillRectangle
                0x000000000800252c       0x30 ./src/lcd_object.o
 .text.FillRectangle
                0x000000000800255c       0x9c ./src/lcd_object.o
 .text._Fill_Circle
                0x00000000080025f8      0x120 ./src/lcd_object.o
 .text.FillCircle
                0x0000000008002718       0xac ./src/lcd_object.o
 .text._FillRoundRect
                0x00000000080027c4      0x158 ./src/lcd_object.o
 .text.FillRoundRect
                0x000000000800291c      0x100 ./src/lcd_object.o
 .text._print_char
                0x0000000008002a1c       0xc8 ./src/lcd_object.o
 .text.PrintString
                0x0000000008002ae4       0xdc ./src/lcd_object.o
 .text.SetFont  0x0000000008002bc0       0x8c ./src/lcd_object.o
 .text.GetFont_uart1
                0x0000000008002c4c       0xcc ./src/lcd_object.o
 .text.GetFontXSize_uart1
                0x0000000008002d18       0x40 ./src/lcd_object.o
 .text.GetFontYSize_uart1
                0x0000000008002d58       0x40 ./src/lcd_object.o
 .text.GetDisplayXSize_uart1
                0x0000000008002d98       0x40 ./src/lcd_object.o
 .text.GetDisplayYSize_uart1
                0x0000000008002dd8       0x40 ./src/lcd_object.o
 .text.DeviceOn
                0x0000000008002e18       0x4c ./src/lcd_object.o
 .text.DeviceOff
                0x0000000008002e64       0x4c ./src/lcd_object.o
 .text.idle_hx8347a
                0x0000000008002eb0       0x40 ./src/lcd_object.o
 .text.get_lcd_index
                0x0000000008002ef0       0x48 ./src/lcd_object.o
 .text.SetDevice
                0x0000000008002f38       0x78 ./src/lcd_object.o
 .text.action_test
                0x0000000008002fb0       0x70 ./src/lcd_object.o
 .text.object_lcd_init
                0x0000000008003020      0x170 ./src/lcd_object.o
                0x0000000008003020                object_lcd_init
 .text.main     0x0000000008003190       0x44 ./src/main.o
                0x0000000008003190                main
 .text.FSMC_NORSRAMInit
                0x00000000080031d4      0x134 ./src/stm32f10x_fsmc.o
                0x00000000080031d4                FSMC_NORSRAMInit
 .text.FSMC_NORSRAMStructInit
                0x0000000008003308       0xd4 ./src/stm32f10x_fsmc.o
                0x0000000008003308                FSMC_NORSRAMStructInit
 .text.FSMC_NORSRAMCmd
                0x00000000080033dc       0x54 ./src/stm32f10x_fsmc.o
                0x00000000080033dc                FSMC_NORSRAMCmd
 .text.USART_Init
                0x0000000008003430      0x174 ./src/stm32f10x_usart.o
                0x0000000008003430                USART_Init
 .text.USART_Cmd
                0x00000000080035a4       0x40 ./src/stm32f10x_usart.o
                0x00000000080035a4                USART_Cmd
 .text.USART_ITConfig
                0x00000000080035e4       0x90 ./src/stm32f10x_usart.o
                0x00000000080035e4                USART_ITConfig
 .text.USART_SendData
                0x0000000008003674       0x24 ./src/stm32f10x_usart.o
                0x0000000008003674                USART_SendData
 .text.USART_ReceiveData
                0x0000000008003698       0x20 ./src/stm32f10x_usart.o
                0x0000000008003698                USART_ReceiveData
 .text.USART_GetFlagStatus
                0x00000000080036b8       0x38 ./src/stm32f10x_usart.o
                0x00000000080036b8                USART_GetFlagStatus
 .text.store_char
                0x00000000080036f0       0x68 ./src/uart_object.o
 .text.Serial1Read
                0x0000000008003758       0x7c ./src/uart_object.o
 .text.Serial1Write
                0x00000000080037d4       0x80 ./src/uart_object.o
 .text.SerialPrint
                0x0000000008003854       0x34 ./src/uart_object.o
 .text.print_from_uart
                0x0000000008003888       0x40 ./src/uart_object.o
 .text.set_debug_uart
                0x00000000080038c8       0x34 ./src/uart_object.o
 .text.USART1_IRQHandler
                0x00000000080038fc       0xac ./src/uart_object.o
                0x00000000080038fc                USART1_IRQHandler
 .text.object_uart_init
                0x00000000080039a8      0x138 ./src/uart_object.o
                0x00000000080039a8                object_uart_init
 .text.__errno  0x0000000008003ae0        0xc /usr/bin/../lib/gcc/arm-none-eabi/4.8.4/../../../../arm-none-eabi/lib/armv7-m/libg.a(lib_a-errno.o)
                0x0000000008003ae0                __errno
 .text.strlen   0x0000000008003aec       0x60 /usr/bin/../lib/gcc/arm-none-eabi/4.8.4/../../../../arm-none-eabi/lib/armv7-m/libg.a(lib_a-strlen.o)
                0x0000000008003aec                strlen
 .text.strncmp  0x0000000008003b4c       0xb4 /usr/bin/../lib/gcc/arm-none-eabi/4.8.4/../../../../arm-none-eabi/lib/armv7-m/libg.a(lib_a-strncmp.o)
                0x0000000008003b4c                strncmp
 .text.strtok   0x0000000008003c00       0x10 /usr/bin/../lib/gcc/arm-none-eabi/4.8.4/../../../../arm-none-eabi/lib/armv7-m/libg.a(lib_a-strtok.o)
                0x0000000008003c00                strtok
 .text.__strtok_r
                0x0000000008003c10       0x64 /usr/bin/../lib/gcc/arm-none-eabi/4.8.4/../../../../arm-none-eabi/lib/armv7-m/libg.a(lib_a-strtok_r.o)
                0x0000000008003c10                __strtok_r
 .text._vsnprintf_r
                0x0000000008003c74       0x54 /usr/bin/../lib/gcc/arm-none-eabi/4.8.4/../../../../arm-none-eabi/lib/armv7-m/libg.a(lib_a-vsnprintf.o)
                0x0000000008003c74                _vsnprintf_r
 .text.vsnprintf
                0x0000000008003cc8       0x24 /usr/bin/../lib/gcc/arm-none-eabi/4.8.4/../../../../arm-none-eabi/lib/armv7-m/libg.a(lib_a-vsnprintf.o)
                0x0000000008003cc8                vsnprintf
 .text._svfprintf_r
                0x0000000008003cec     0x14e0 /usr/bin/../lib/gcc/arm-none-eabi/4.8.4/../../../../arm-none-eabi/lib/armv7-m/libg.a(lib_a-svfprintf.o)
                0x0000000008003cec                _svfprintf_r
 .text.quorem   0x00000000080051cc      0x134 /usr/bin/../lib/gcc/arm-none-eabi/4.8.4/../../../../arm-none-eabi/lib/armv7-m/libg.a(lib_a-dtoa.o)
 .text._dtoa_r  0x0000000008005300      0xe38 /usr/bin/../lib/gcc/arm-none-eabi/4.8.4/../../../../arm-none-eabi/lib/armv7-m/libg.a(lib_a-dtoa.o)
                0x0000000008005300                _dtoa_r
 .text._localeconv_r
                0x0000000008006138        0x8 /usr/bin/../lib/gcc/arm-none-eabi/4.8.4/../../../../arm-none-eabi/lib/armv7-m/libg.a(lib_a-locale.o)
                0x0000000008006138                _localeconv_r
 .text._malloc_r
                0x0000000008006140      0x538 /usr/bin/../lib/gcc/arm-none-eabi/4.8.4/../../../../arm-none-eabi/lib/armv7-m/libg.a(lib_a-mallocr.o)
                0x0000000008006140                _malloc_r
 .text.memchr   0x0000000008006678       0x94 /usr/bin/../lib/gcc/arm-none-eabi/4.8.4/../../../../arm-none-eabi/lib/armv7-m/libg.a(lib_a-memchr-stub.o)
                0x0000000008006678                memchr
 .text          0x000000000800670c       0xec /usr/bin/../lib/gcc/arm-none-eabi/4.8.4/../../../../arm-none-eabi/lib/armv7-m/libg.a(lib_a-memcpy.o)
                0x000000000800670c                memcpy
 .text.__malloc_lock
                0x00000000080067f8        0x4 /usr/bin/../lib/gcc/arm-none-eabi/4.8.4/../../../../arm-none-eabi/lib/armv7-m/libg.a(lib_a-mlock.o)
                0x00000000080067f8                __malloc_lock
 .text.__malloc_unlock
                0x00000000080067fc        0x4 /usr/bin/../lib/gcc/arm-none-eabi/4.8.4/../../../../arm-none-eabi/lib/armv7-m/libg.a(lib_a-mlock.o)
                0x00000000080067fc                __malloc_unlock
 .text._Balloc  0x0000000008006800       0x4c /usr/bin/../lib/gcc/arm-none-eabi/4.8.4/../../../../arm-none-eabi/lib/armv7-m/libg.a(lib_a-mprec.o)
                0x0000000008006800                _Balloc
 .text._Bfree   0x000000000800684c       0x14 /usr/bin/../lib/gcc/arm-none-eabi/4.8.4/../../../../arm-none-eabi/lib/armv7-m/libg.a(lib_a-mprec.o)
                0x000000000800684c                _Bfree
 .text.__multadd
                0x0000000008006860       0x94 /usr/bin/../lib/gcc/arm-none-eabi/4.8.4/../../../../arm-none-eabi/lib/armv7-m/libg.a(lib_a-mprec.o)
                0x0000000008006860                __multadd
 .text.__hi0bits
                0x00000000080068f4       0x40 /usr/bin/../lib/gcc/arm-none-eabi/4.8.4/../../../../arm-none-eabi/lib/armv7-m/libg.a(lib_a-mprec.o)
                0x00000000080068f4                __hi0bits
 .text.__lo0bits
                0x0000000008006934       0x5c /usr/bin/../lib/gcc/arm-none-eabi/4.8.4/../../../../arm-none-eabi/lib/armv7-m/libg.a(lib_a-mprec.o)
                0x0000000008006934                __lo0bits
 .text.__i2b    0x0000000008006990       0x14 /usr/bin/../lib/gcc/arm-none-eabi/4.8.4/../../../../arm-none-eabi/lib/armv7-m/libg.a(lib_a-mprec.o)
                0x0000000008006990                __i2b
 .text.__multiply
                0x00000000080069a4      0x13c /usr/bin/../lib/gcc/arm-none-eabi/4.8.4/../../../../arm-none-eabi/lib/armv7-m/libg.a(lib_a-mprec.o)
                0x00000000080069a4                __multiply
 .text.__pow5mult
                0x0000000008006ae0       0x9c /usr/bin/../lib/gcc/arm-none-eabi/4.8.4/../../../../arm-none-eabi/lib/armv7-m/libg.a(lib_a-mprec.o)
                0x0000000008006ae0                __pow5mult
 .text.__lshift
                0x0000000008006b7c       0xbc /usr/bin/../lib/gcc/arm-none-eabi/4.8.4/../../../../arm-none-eabi/lib/armv7-m/libg.a(lib_a-mprec.o)
                0x0000000008006b7c                __lshift
 .text.__mcmp   0x0000000008006c38       0x48 /usr/bin/../lib/gcc/arm-none-eabi/4.8.4/../../../../arm-none-eabi/lib/armv7-m/libg.a(lib_a-mprec.o)
                0x0000000008006c38                __mcmp
 .text.__mdiff  0x0000000008006c80       0xd8 /usr/bin/../lib/gcc/arm-none-eabi/4.8.4/../../../../arm-none-eabi/lib/armv7-m/libg.a(lib_a-mprec.o)
                0x0000000008006c80                __mdiff
 .text.__d2b    0x0000000008006d58       0xbc /usr/bin/../lib/gcc/arm-none-eabi/4.8.4/../../../../arm-none-eabi/lib/armv7-m/libg.a(lib_a-mprec.o)
                0x0000000008006d58                __d2b
 .text.__fpclassifyd
                0x0000000008006e14       0x50 /usr/bin/../lib/gcc/arm-none-eabi/4.8.4/../../../../arm-none-eabi/lib/armv7-m/libg.a(lib_a-s_fpclassify.o)
                0x0000000008006e14                __fpclassifyd
 .text._sbrk_r  0x0000000008006e64       0x24 /usr/bin/../lib/gcc/arm-none-eabi/4.8.4/../../../../arm-none-eabi/lib/armv7-m/libg.a(lib_a-sbrkr.o)
                0x0000000008006e64                _sbrk_r
 .text.__ssprint_r
                0x0000000008006e88      0x100 /usr/bin/../lib/gcc/arm-none-eabi/4.8.4/../../../../arm-none-eabi/lib/armv7-m/libg.a(lib_a-svfiprintf.o)
                0x0000000008006e88                __ssprint_r
 .text._calloc_r
                0x0000000008006f88       0x60 /usr/bin/../lib/gcc/arm-none-eabi/4.8.4/../../../../arm-none-eabi/lib/armv7-m/libg.a(lib_a-callocr.o)
                0x0000000008006f88                _calloc_r
 .text._malloc_trim_r
                0x0000000008006fe8       0x9c /usr/bin/../lib/gcc/arm-none-eabi/4.8.4/../../../../arm-none-eabi/lib/armv7-m/libg.a(lib_a-freer.o)
                0x0000000008006fe8                _malloc_trim_r
 .text._free_r  0x0000000008007084      0x198 /usr/bin/../lib/gcc/arm-none-eabi/4.8.4/../../../../arm-none-eabi/lib/armv7-m/libg.a(lib_a-freer.o)
                0x0000000008007084                _free_r
 .text.memmove  0x000000000800721c       0xcc /usr/bin/../lib/gcc/arm-none-eabi/4.8.4/../../../../arm-none-eabi/lib/armv7-m/libg.a(lib_a-memmove.o)
                0x000000000800721c                memmove
 .text.memset   0x00000000080072e8       0x94 /usr/bin/../lib/gcc/arm-none-eabi/4.8.4/../../../../arm-none-eabi/lib/armv7-m/libg.a(lib_a-memset.o)
                0x00000000080072e8                memset
 .text._realloc_r
                0x000000000800737c      0x3c0 /usr/bin/../lib/gcc/arm-none-eabi/4.8.4/../../../../arm-none-eabi/lib/armv7-m/libg.a(lib_a-reallocr.o)
                0x000000000800737c                _realloc_r
 .text          0x000000000800773c      0x370 /usr/bin/../lib/gcc/arm-none-eabi/4.8.4/armv7-m/libgcc.a(_arm_addsubdf3.o)
                0x000000000800773c                __aeabi_drsub
                0x0000000008007744                __aeabi_dsub
                0x0000000008007744                __subdf3
                0x0000000008007748                __adddf3
                0x0000000008007748                __aeabi_dadd
                0x00000000080079c0                __aeabi_ui2d
                0x00000000080079c0                __floatunsidf
                0x00000000080079e0                __floatsidf
                0x00000000080079e0                __aeabi_i2d
                0x0000000008007a04                __extendsfdf2
                0x0000000008007a04                __aeabi_f2d
                0x0000000008007a40                __aeabi_ul2d
                0x0000000008007a40                __floatundidf
                0x0000000008007a50                __floatdidf
                0x0000000008007a50                __aeabi_l2d
 .text          0x0000000008007aac      0x424 /usr/bin/../lib/gcc/arm-none-eabi/4.8.4/armv7-m/libgcc.a(_arm_muldivdf3.o)
                0x0000000008007aac                __aeabi_dmul
                0x0000000008007aac                __muldf3
                0x0000000008007d00                __aeabi_ddiv
                0x0000000008007d00                __divdf3
 .text          0x0000000008007ed0      0x110 /usr/bin/../lib/gcc/arm-none-eabi/4.8.4/armv7-m/libgcc.a(_arm_cmpdf2.o)
                0x0000000008007ed0                __gtdf2
                0x0000000008007ed0                __gedf2
                0x0000000008007ed8                __ltdf2
                0x0000000008007ed8                __ledf2
                0x0000000008007ee0                __cmpdf2
                0x0000000008007ee0                __eqdf2
                0x0000000008007ee0                __nedf2
                0x0000000008007f5c                __aeabi_cdrcmple
                0x0000000008007f6c                __aeabi_cdcmple
                0x0000000008007f6c                __aeabi_cdcmpeq
                0x0000000008007f7c                __aeabi_dcmpeq
                0x0000000008007f90                __aeabi_dcmplt
                0x0000000008007fa4                __aeabi_dcmple
                0x0000000008007fb8                __aeabi_dcmpge
                0x0000000008007fcc                __aeabi_dcmpgt
 .text          0x0000000008007fe0       0x50 /usr/bin/../lib/gcc/arm-none-eabi/4.8.4/armv7-m/libgcc.a(_arm_fixdfsi.o)
                0x0000000008007fe0                __fixdfsi
                0x0000000008007fe0                __aeabi_d2iz
 .text          0x0000000008008030       0x2c /usr/bin/../lib/gcc/arm-none-eabi/4.8.4/armv7-m/libgcc.a(_aeabi_uldivmod.o)
                0x0000000008008030                __aeabi_uldivmod
 .text          0x000000000800805c       0x60 /usr/bin/../lib/gcc/arm-none-eabi/4.8.4/armv7-m/libgcc.a(bpabi.o)
                0x000000000800805c                __gnu_ldivmod_helper
                0x000000000800808c                __gnu_uldivmod_helper
 .text          0x00000000080080bc        0x4 /usr/bin/../lib/gcc/arm-none-eabi/4.8.4/armv7-m/libgcc.a(_dvmd_tls.o)
                0x00000000080080bc                __aeabi_ldiv0
                0x00000000080080bc                __aeabi_idiv0
 .text          0x00000000080080c0      0x2a0 /usr/bin/../lib/gcc/arm-none-eabi/4.8.4/armv7-m/libgcc.a(_divdi3.o)
                0x00000000080080c0                __divdi3
 .text          0x0000000008008360      0x290 /usr/bin/../lib/gcc/arm-none-eabi/4.8.4/armv7-m/libgcc.a(_udivdi3.o)
                0x0000000008008360                __udivdi3
 *(.rodata .rodata.*)
 .rodata.ATcmd  0x00000000080085f0       0xe4 ./src/ATcmd_object.o
 .rodata        0x00000000080086d4       0xd0 ./src/ATcmd_object.o
 .rodata.SmallFont
                0x00000000080087a4      0x478 ./src/DefaultFonts.o
                0x00000000080087a4                SmallFont
 .rodata.BigFont
                0x0000000008008c1c      0xbe4 ./src/DefaultFonts.o
                0x0000000008008c1c                BigFont
 .rodata.SevenSegNumFont
                0x0000000008009800      0x7d4 ./src/DefaultFonts.o
                0x0000000008009800                SevenSegNumFont
 .rodata.lcd_index
                0x0000000008009fd4       0x10 ./src/lcd_object.o
 .rodata        0x0000000008009fe4      0x244 ./src/lcd_object.o
 .rodata        0x000000000800a228       0x14 ./src/uart_object.o
 .rodata.str1.4
                0x000000000800a23c        0x2 /usr/bin/../lib/gcc/arm-none-eabi/4.8.4/../../../../arm-none-eabi/lib/armv7-m/libg.a(lib_a-impure.o)
                                          0x4 (size before relaxing)
 *fill*         0x000000000800a23e        0x2 
 .rodata.zeroes.6763
                0x000000000800a240       0x10 /usr/bin/../lib/gcc/arm-none-eabi/4.8.4/../../../../arm-none-eabi/lib/armv7-m/libg.a(lib_a-svfprintf.o)
 .rodata.str1.4
                0x000000000800a250       0x42 /usr/bin/../lib/gcc/arm-none-eabi/4.8.4/../../../../arm-none-eabi/lib/armv7-m/libg.a(lib_a-svfprintf.o)
                                         0x44 (size before relaxing)
 *fill*         0x000000000800a292        0x2 
 .rodata.blanks.6762
                0x000000000800a294       0x10 /usr/bin/../lib/gcc/arm-none-eabi/4.8.4/../../../../arm-none-eabi/lib/armv7-m/libg.a(lib_a-svfprintf.o)
 .rodata.str1.4
                0x000000000800a2a4       0x10 /usr/bin/../lib/gcc/arm-none-eabi/4.8.4/../../../../arm-none-eabi/lib/armv7-m/libg.a(lib_a-dtoa.o)
                                         0x14 (size before relaxing)
 .rodata.str1.4
                0x000000000800a2b4        0xc /usr/bin/../lib/gcc/arm-none-eabi/4.8.4/../../../../arm-none-eabi/lib/armv7-m/libg.a(lib_a-locale.o)
                                         0x14 (size before relaxing)
 .rodata.__mprec_tens
                0x000000000800a2c0       0xc8 /usr/bin/../lib/gcc/arm-none-eabi/4.8.4/../../../../arm-none-eabi/lib/armv7-m/libg.a(lib_a-mprec.o)
                0x000000000800a2c0                __mprec_tens
 .rodata.__mprec_bigtens
                0x000000000800a388       0x28 /usr/bin/../lib/gcc/arm-none-eabi/4.8.4/../../../../arm-none-eabi/lib/armv7-m/libg.a(lib_a-mprec.o)
                0x000000000800a388                __mprec_bigtens
 .rodata.p05.5269
                0x000000000800a3b0        0xc /usr/bin/../lib/gcc/arm-none-eabi/4.8.4/../../../../arm-none-eabi/lib/armv7-m/libg.a(lib_a-mprec.o)
 *(vtable)
 *(.eh_frame*)
 *(.glue_7)
 .glue_7        0x0000000000000000        0x0 linker stubs
 *(.glue_7t)
 .glue_7t       0x0000000000000000        0x0 linker stubs

.vfp11_veneer   0x000000000800a3bc        0x0
 .vfp11_veneer  0x0000000000000000        0x0 linker stubs

.v4_bx          0x000000000800a3bc        0x0
 .v4_bx         0x0000000000000000        0x0 linker stubs

.iplt           0x000000000800a3bc        0x0
 .iplt          0x0000000000000000        0x0 ./system/src/stm32f1-stdperiph/misc.o

.ARM.extab
 *(.ARM.extab* .gnu.linkonce.armextab.*)
                0x000000000800a3bc                __exidx_start = .

.ARM.exidx      0x000000000800a3bc        0x8
 *(.ARM.exidx* .gnu.linkonce.armexidx.*)
 .ARM.exidx     0x000000000800a3bc        0x8 /usr/bin/../lib/gcc/arm-none-eabi/4.8.4/armv7-m/libgcc.a(_divdi3.o)
 .ARM.exidx     0x000000000800a3c4        0x0 /usr/bin/../lib/gcc/arm-none-eabi/4.8.4/armv7-m/libgcc.a(_udivdi3.o)
                                          0x8 (size before relaxing)
                0x000000000800a3c4                __exidx_end = .

.rel.dyn        0x000000000800a3c4        0x0
 .rel.iplt      0x0000000000000000        0x0 ./system/src/stm32f1-stdperiph/misc.o
                0x000000000800a3c4                . = ALIGN (0x4)
                0x000000000800a3c4                _etext = .
                0x000000000800a3c4                __etext = .
                0x000000000800a3c4                _sidata = _etext

.data           0x0000000020000000      0x8c8 load address 0x000000000800a3c4
                0x0000000020000000                . = ALIGN (0x4)
                0x0000000020000000                _sdata = .
                0x0000000020000000                __data_start__ = .
 *(.data_begin .data_begin.*)
 .data_begin    0x0000000020000000        0x4 ./system/src/newlib/_startup.o
 *(.data .data.*)
 .data.APBAHBPrescTable
                0x0000000020000004       0x10 ./system/src/stm32f1-stdperiph/stm32f10x_rcc.o
 .data.ADCPrescTable
                0x0000000020000014        0x4 ./system/src/stm32f1-stdperiph/stm32f10x_rcc.o
 .data.argv.4461
                0x0000000020000018        0x8 ./system/src/newlib/_syscalls.o
 .data.SystemCoreClock
                0x0000000020000020        0x4 ./system/src/cmsis/system_stm32f10x.o
                0x0000000020000020                SystemCoreClock
 .data.AHBPrescTable
                0x0000000020000024       0x10 ./system/src/cmsis/system_stm32f10x.o
                0x0000000020000024                AHBPrescTable
 .data.back_color
                0x0000000020000034        0x4 ./src/lcd_object.o
 .data.cfont    0x0000000020000038       0x14 ./src/lcd_object.o
 *fill*         0x000000002000004c        0x4 
 .data.impure_data
                0x0000000020000050      0x428 /usr/bin/../lib/gcc/arm-none-eabi/4.8.4/../../../../arm-none-eabi/lib/armv7-m/libg.a(lib_a-impure.o)
 .data._impure_ptr
                0x0000000020000478        0x4 /usr/bin/../lib/gcc/arm-none-eabi/4.8.4/../../../../arm-none-eabi/lib/armv7-m/libg.a(lib_a-impure.o)
                0x0000000020000478                _impure_ptr
 .data.lconv    0x000000002000047c       0x38 /usr/bin/../lib/gcc/arm-none-eabi/4.8.4/../../../../arm-none-eabi/lib/armv7-m/libg.a(lib_a-locale.o)
 .data.__malloc_av_
                0x00000000200004b4      0x408 /usr/bin/../lib/gcc/arm-none-eabi/4.8.4/../../../../arm-none-eabi/lib/armv7-m/libg.a(lib_a-mallocr.o)
                0x00000000200004b4                __malloc_av_
 .data.__malloc_trim_threshold
                0x00000000200008bc        0x4 /usr/bin/../lib/gcc/arm-none-eabi/4.8.4/../../../../arm-none-eabi/lib/armv7-m/libg.a(lib_a-mallocr.o)
                0x00000000200008bc                __malloc_trim_threshold
 .data.__malloc_sbrk_base
                0x00000000200008c0        0x4 /usr/bin/../lib/gcc/arm-none-eabi/4.8.4/../../../../arm-none-eabi/lib/armv7-m/libg.a(lib_a-mallocr.o)
                0x00000000200008c0                __malloc_sbrk_base
 *(.data_end .data_end.*)
 .data_end      0x00000000200008c4        0x4 ./system/src/newlib/_startup.o
                0x00000000200008c8                . = ALIGN (0x4)
                0x00000000200008c8                _edata = .
                0x00000000200008c8                __data_end__ = .

.igot.plt       0x00000000200008c8        0x0 load address 0x000000000800ac8c
 .igot.plt      0x0000000000000000        0x0 ./system/src/stm32f1-stdperiph/misc.o

.bss            0x00000000200008c8      0x33c load address 0x000000000800ac8c
                0x00000000200008c8                . = ALIGN (0x4)
                0x00000000200008c8                __bss_start__ = .
                0x00000000200008c8                _sbss = .
 *(.bss_begin .bss_begin.*)
 .bss_begin     0x00000000200008c8        0x4 ./system/src/newlib/_startup.o
 *(.bss .bss.*)
 .bss.current_heap_end.4289
                0x00000000200008cc        0x4 ./system/src/newlib/_sbrk.o
 .bss.name.4460
                0x00000000200008d0        0x4 ./system/src/newlib/_syscalls.o
 .bss.TimingDelay
                0x00000000200008d4        0x4 ./src/delay.o
 .bss.front_color
                0x00000000200008d8        0x4 ./src/lcd_object.o
 .bss.display_x
                0x00000000200008dc        0x4 ./src/lcd_object.o
 .bss.display_y
                0x00000000200008e0        0x4 ./src/lcd_object.o
 .bss.rx_buffer_isr1
                0x00000000200008e4       0x4c ./src/uart_object.o
 .bss.tx_buffer_isr1
                0x0000000020000930       0x4c ./src/uart_object.o
 .bss.buf.7555  0x000000002000097c       0x40 ./src/uart_object.o
 .bss.__malloc_max_total_mem
                0x00000000200009bc        0x4 /usr/bin/../lib/gcc/arm-none-eabi/4.8.4/../../../../arm-none-eabi/lib/armv7-m/libg.a(lib_a-mallocr.o)
                0x00000000200009bc                __malloc_max_total_mem
 .bss.__malloc_max_sbrked_mem
                0x00000000200009c0        0x4 /usr/bin/../lib/gcc/arm-none-eabi/4.8.4/../../../../arm-none-eabi/lib/armv7-m/libg.a(lib_a-mallocr.o)
                0x00000000200009c0                __malloc_max_sbrked_mem
 .bss.__malloc_top_pad
                0x00000000200009c4        0x4 /usr/bin/../lib/gcc/arm-none-eabi/4.8.4/../../../../arm-none-eabi/lib/armv7-m/libg.a(lib_a-mallocr.o)
                0x00000000200009c4                __malloc_top_pad
 .bss.__malloc_current_mallinfo
                0x00000000200009c8       0x28 /usr/bin/../lib/gcc/arm-none-eabi/4.8.4/../../../../arm-none-eabi/lib/armv7-m/libg.a(lib_a-mallocr.o)
                0x00000000200009c8                __malloc_current_mallinfo
 *(COMMON)
 COMMON         0x00000000200009f0        0x4 ./system/src/newlib/_syscalls.o
                0x00000000200009f0                errno
 COMMON         0x00000000200009f4      0x20c ./src/ATcmd_object.o
                0x00000000200009f4                usart1
                0x0000000020000a0c                global_lcd
                0x0000000020000a90                at_command
 *(.bss_end .bss_end.*)
 .bss_end       0x0000000020000c00        0x4 ./system/src/newlib/_startup.o
                0x0000000020000c04                . = ALIGN (0x4)
                0x0000000020000c04                __bss_end__ = .
                0x0000000020000c04                _ebss = .

.noinit         0x0000000020000c04        0x0
                0x0000000020000c04                . = ALIGN (0x4)
                0x0000000020000c04                _noinit = .
 *(.noinit .noinit.*)
                0x0000000020000c04                . = ALIGN (0x4)
                0x0000000020000c04                _end_noinit = .
                0x0000000020000c04                PROVIDE (end, _end_noinit)
                0x0000000020000c04                PROVIDE (_end, _end_noinit)
                0x0000000020000c04                PROVIDE (__end, _end_noinit)
                0x0000000020000c04                PROVIDE (__end__, _end_noinit)

._check_stack   0x0000000020000c04      0x100 load address 0x000000000800afc8
                0x0000000020000c04                . = ALIGN (0x4)
                0x0000000020000d04                . = (. + _Minimum_Stack_Size)
 *fill*         0x0000000020000c04      0x100 
                0x0000000020000d04                . = ALIGN (0x4)

.bss_CCMRAM
 *(.bss.CCMRAM .bss.CCMRAM.*)

.b1text
 *(.b1text)
 *(.b1rodata)
 *(.b1rodata.*)

.eb0text
 *(.eb0text)
 *(.eb0rodata)
 *(.eb0rodata.*)

.eb1text
 *(.eb1text)
 *(.eb1rodata)
 *(.eb1rodata.*)

.eb2text
 *(.eb2text)
 *(.eb2rodata)
 *(.eb2rodata.*)

.eb3text
 *(.eb3text)
 *(.eb3rodata)
 *(.eb3rodata.*)

.stab
 *(.stab)

.stabstr
 *(.stabstr)

.stab.excl
 *(.stab.excl)

.stab.exclstr
 *(.stab.exclstr)

.stab.index
 *(.stab.index)

.stab.indexstr
 *(.stab.indexstr)

.comment        0x0000000000000000       0x70
 *(.comment)
 .comment       0x0000000000000000       0x70 ./system/src/stm32f1-stdperiph/misc.o
                                         0x71 (size before relaxing)
 .comment       0x0000000000000000       0x71 ./system/src/stm32f1-stdperiph/stm32f10x_gpio.o
 .comment       0x0000000000000000       0x71 ./system/src/stm32f1-stdperiph/stm32f10x_rcc.o
 .comment       0x0000000000000000       0x71 ./system/src/newlib/_exit.o
 .comment       0x0000000000000000       0x71 ./system/src/newlib/_sbrk.o
 .comment       0x0000000000000000       0x71 ./system/src/newlib/_startup.o
 .comment       0x0000000000000000       0x71 ./system/src/newlib/_syscalls.o
 .comment       0x0000000000000000       0x71 ./system/src/cortexm/_initialize_hardware.o
 .comment       0x0000000000000000       0x71 ./system/src/cortexm/exception_handlers.o
 .comment       0x0000000000000000       0x71 ./system/src/cmsis/system_stm32f10x.o
 .comment       0x0000000000000000       0x71 ./system/src/cmsis/vectors_stm32f10x.o
 .comment       0x0000000000000000       0x71 ./src/ATcmd_object.o
 .comment       0x0000000000000000       0x71 ./src/DefaultFonts.o
 .comment       0x0000000000000000       0x71 ./src/FSMCDriver.o
 .comment       0x0000000000000000       0x71 ./src/delay.o
 .comment       0x0000000000000000       0x71 ./src/lcd_object.o
 .comment       0x0000000000000000       0x71 ./src/main.o
 .comment       0x0000000000000000       0x71 ./src/stm32f10x_fsmc.o
 .comment       0x0000000000000000       0x71 ./src/stm32f10x_usart.o
 .comment       0x0000000000000000       0x71 ./src/uart_object.o

.ARM.attributes
                0x0000000000000000       0x31
 .ARM.attributes
                0x0000000000000000       0x33 ./system/src/stm32f1-stdperiph/misc.o
 .ARM.attributes
                0x0000000000000033       0x33 ./system/src/stm32f1-stdperiph/stm32f10x_gpio.o
 .ARM.attributes
                0x0000000000000066       0x33 ./system/src/stm32f1-stdperiph/stm32f10x_rcc.o
 .ARM.attributes
                0x0000000000000099       0x33 ./system/src/newlib/_exit.o
 .ARM.attributes
                0x00000000000000cc       0x33 ./system/src/newlib/_sbrk.o
 .ARM.attributes
                0x00000000000000ff       0x33 ./system/src/newlib/_startup.o
 .ARM.attributes
                0x0000000000000132       0x33 ./system/src/newlib/_syscalls.o
 .ARM.attributes
                0x0000000000000165       0x33 ./system/src/cortexm/_initialize_hardware.o
 .ARM.attributes
                0x0000000000000198       0x33 ./system/src/cortexm/exception_handlers.o
 .ARM.attributes
                0x00000000000001cb       0x33 ./system/src/cmsis/system_stm32f10x.o
 .ARM.attributes
                0x00000000000001fe       0x33 ./system/src/cmsis/vectors_stm32f10x.o
 .ARM.attributes
                0x0000000000000231       0x33 ./src/ATcmd_object.o
 .ARM.attributes
                0x0000000000000264       0x33 ./src/DefaultFonts.o
 .ARM.attributes
                0x0000000000000297       0x33 ./src/FSMCDriver.o
 .ARM.attributes
                0x00000000000002ca       0x33 ./src/delay.o
 .ARM.attributes
                0x00000000000002fd       0x33 ./src/lcd_object.o
 .ARM.attributes
                0x0000000000000330       0x33 ./src/main.o
 .ARM.attributes
                0x0000000000000363       0x33 ./src/stm32f10x_fsmc.o
 .ARM.attributes
                0x0000000000000396       0x33 ./src/stm32f10x_usart.o
 .ARM.attributes
                0x00000000000003c9       0x33 ./src/uart_object.o
 .ARM.attributes
                0x00000000000003fc       0x2d /usr/bin/../lib/gcc/arm-none-eabi/4.8.4/../../../../arm-none-eabi/lib/armv7-m/libg.a(lib_a-errno.o)
 .ARM.attributes
                0x0000000000000429       0x2d /usr/bin/../lib/gcc/arm-none-eabi/4.8.4/../../../../arm-none-eabi/lib/armv7-m/libg.a(lib_a-impure.o)
 .ARM.attributes
                0x0000000000000456       0x2d /usr/bin/../lib/gcc/arm-none-eabi/4.8.4/../../../../arm-none-eabi/lib/armv7-m/libg.a(lib_a-strlen.o)
 .ARM.attributes
                0x0000000000000483       0x2d /usr/bin/../lib/gcc/arm-none-eabi/4.8.4/../../../../arm-none-eabi/lib/armv7-m/libg.a(lib_a-strncmp.o)
 .ARM.attributes
                0x00000000000004b0       0x2d /usr/bin/../lib/gcc/arm-none-eabi/4.8.4/../../../../arm-none-eabi/lib/armv7-m/libg.a(lib_a-strtok.o)
 .ARM.attributes
                0x00000000000004dd       0x2d /usr/bin/../lib/gcc/arm-none-eabi/4.8.4/../../../../arm-none-eabi/lib/armv7-m/libg.a(lib_a-strtok_r.o)
 .ARM.attributes
                0x000000000000050a       0x2d /usr/bin/../lib/gcc/arm-none-eabi/4.8.4/../../../../arm-none-eabi/lib/armv7-m/libg.a(lib_a-vsnprintf.o)
 .ARM.attributes
                0x0000000000000537       0x2d /usr/bin/../lib/gcc/arm-none-eabi/4.8.4/../../../../arm-none-eabi/lib/armv7-m/libg.a(lib_a-svfprintf.o)
 .ARM.attributes
                0x0000000000000564       0x2d /usr/bin/../lib/gcc/arm-none-eabi/4.8.4/../../../../arm-none-eabi/lib/armv7-m/libg.a(lib_a-dtoa.o)
 .ARM.attributes
                0x0000000000000591       0x2d /usr/bin/../lib/gcc/arm-none-eabi/4.8.4/../../../../arm-none-eabi/lib/armv7-m/libg.a(lib_a-locale.o)
 .ARM.attributes
                0x00000000000005be       0x2d /usr/bin/../lib/gcc/arm-none-eabi/4.8.4/../../../../arm-none-eabi/lib/armv7-m/libg.a(lib_a-mallocr.o)
 .ARM.attributes
                0x00000000000005eb       0x2d /usr/bin/../lib/gcc/arm-none-eabi/4.8.4/../../../../arm-none-eabi/lib/armv7-m/libg.a(lib_a-memchr-stub.o)
 .ARM.attributes
                0x0000000000000618       0x1b /usr/bin/../lib/gcc/arm-none-eabi/4.8.4/../../../../arm-none-eabi/lib/armv7-m/libg.a(lib_a-memcpy.o)
 .ARM.attributes
                0x0000000000000633       0x2d /usr/bin/../lib/gcc/arm-none-eabi/4.8.4/../../../../arm-none-eabi/lib/armv7-m/libg.a(lib_a-mlock.o)
 .ARM.attributes
                0x0000000000000660       0x2d /usr/bin/../lib/gcc/arm-none-eabi/4.8.4/../../../../arm-none-eabi/lib/armv7-m/libg.a(lib_a-mprec.o)
 .ARM.attributes
                0x000000000000068d       0x2d /usr/bin/../lib/gcc/arm-none-eabi/4.8.4/../../../../arm-none-eabi/lib/armv7-m/libg.a(lib_a-s_fpclassify.o)
 .ARM.attributes
                0x00000000000006ba       0x2d /usr/bin/../lib/gcc/arm-none-eabi/4.8.4/../../../../arm-none-eabi/lib/armv7-m/libg.a(lib_a-sbrkr.o)
 .ARM.attributes
                0x00000000000006e7       0x2d /usr/bin/../lib/gcc/arm-none-eabi/4.8.4/../../../../arm-none-eabi/lib/armv7-m/libg.a(lib_a-svfiprintf.o)
 .ARM.attributes
                0x0000000000000714       0x2d /usr/bin/../lib/gcc/arm-none-eabi/4.8.4/../../../../arm-none-eabi/lib/armv7-m/libg.a(lib_a-callocr.o)
 .ARM.attributes
                0x0000000000000741       0x2d /usr/bin/../lib/gcc/arm-none-eabi/4.8.4/../../../../arm-none-eabi/lib/armv7-m/libg.a(lib_a-freer.o)
 .ARM.attributes
                0x000000000000076e       0x2d /usr/bin/../lib/gcc/arm-none-eabi/4.8.4/../../../../arm-none-eabi/lib/armv7-m/libg.a(lib_a-memmove.o)
 .ARM.attributes
                0x000000000000079b       0x2d /usr/bin/../lib/gcc/arm-none-eabi/4.8.4/../../../../arm-none-eabi/lib/armv7-m/libg.a(lib_a-memset.o)
 .ARM.attributes
                0x00000000000007c8       0x2d /usr/bin/../lib/gcc/arm-none-eabi/4.8.4/../../../../arm-none-eabi/lib/armv7-m/libg.a(lib_a-reallocr.o)
 .ARM.attributes
                0x00000000000007f5       0x1d /usr/bin/../lib/gcc/arm-none-eabi/4.8.4/armv7-m/libgcc.a(_arm_addsubdf3.o)
 .ARM.attributes
                0x0000000000000812       0x1d /usr/bin/../lib/gcc/arm-none-eabi/4.8.4/armv7-m/libgcc.a(_arm_muldivdf3.o)
 .ARM.attributes
                0x000000000000082f       0x1d /usr/bin/../lib/gcc/arm-none-eabi/4.8.4/armv7-m/libgcc.a(_arm_cmpdf2.o)
 .ARM.attributes
                0x000000000000084c       0x1d /usr/bin/../lib/gcc/arm-none-eabi/4.8.4/armv7-m/libgcc.a(_arm_fixdfsi.o)
 .ARM.attributes
                0x0000000000000869       0x1d /usr/bin/../lib/gcc/arm-none-eabi/4.8.4/armv7-m/libgcc.a(_aeabi_uldivmod.o)
 .ARM.attributes
                0x0000000000000886       0x2d /usr/bin/../lib/gcc/arm-none-eabi/4.8.4/armv7-m/libgcc.a(bpabi.o)
 .ARM.attributes
                0x00000000000008b3       0x1d /usr/bin/../lib/gcc/arm-none-eabi/4.8.4/armv7-m/libgcc.a(_dvmd_tls.o)
 .ARM.attributes
                0x00000000000008d0       0x2d /usr/bin/../lib/gcc/arm-none-eabi/4.8.4/armv7-m/libgcc.a(_divdi3.o)
 .ARM.attributes
                0x00000000000008fd       0x2d /usr/bin/../lib/gcc/arm-none-eabi/4.8.4/armv7-m/libgcc.a(_udivdi3.o)

.debug
 *(.debug)

.line
 *(.line)

.debug_srcinfo
 *(.debug_srcinfo)

.debug_sfnames
 *(.debug_sfnames)

.debug_aranges  0x0000000000000000      0x8f0
 *(.debug_aranges)
 .debug_aranges
                0x0000000000000000       0x40 ./system/src/stm32f1-stdperiph/misc.o
 .debug_aranges
                0x0000000000000040       0xa8 ./system/src/stm32f1-stdperiph/stm32f10x_gpio.o
 .debug_aranges
                0x00000000000000e8      0x118 ./system/src/stm32f1-stdperiph/stm32f10x_rcc.o
 .debug_aranges
                0x0000000000000200       0x28 ./system/src/newlib/_exit.o
 .debug_aranges
                0x0000000000000228       0x20 ./system/src/newlib/_sbrk.o
 .debug_aranges
                0x0000000000000248       0x40 ./system/src/newlib/_startup.o
 .debug_aranges
                0x0000000000000288       0xd0 ./system/src/newlib/_syscalls.o
 .debug_aranges
                0x0000000000000358       0x28 ./system/src/cortexm/_initialize_hardware.o
 .debug_aranges
                0x0000000000000380       0x68 ./system/src/cortexm/exception_handlers.o
 .debug_aranges
                0x00000000000003e8       0x38 ./system/src/cmsis/system_stm32f10x.o
 .debug_aranges
                0x0000000000000420       0x20 ./system/src/cmsis/vectors_stm32f10x.o
 .debug_aranges
                0x0000000000000440       0x60 ./src/ATcmd_object.o
 .debug_aranges
                0x00000000000004a0       0x18 ./src/DefaultFonts.o
 .debug_aranges
                0x00000000000004b8       0x20 ./src/FSMCDriver.o
 .debug_aranges
                0x00000000000004d8       0x48 ./src/delay.o
 .debug_aranges
                0x0000000000000520      0x1a8 ./src/lcd_object.o
 .debug_aranges
                0x00000000000006c8       0x20 ./src/main.o
 .debug_aranges
                0x00000000000006e8       0xb0 ./src/stm32f10x_fsmc.o
 .debug_aranges
                0x0000000000000798      0x100 ./src/stm32f10x_usart.o
 .debug_aranges
                0x0000000000000898       0x58 ./src/uart_object.o

.debug_pubnames
 *(.debug_pubnames)

.debug_info     0x0000000000000000     0x748b
 *(.debug_info .gnu.linkonce.wi.*)
 .debug_info    0x0000000000000000      0x545 ./system/src/stm32f1-stdperiph/misc.o
 .debug_info    0x0000000000000545      0x6ef ./system/src/stm32f1-stdperiph/stm32f10x_gpio.o
 .debug_info    0x0000000000000c34      0x895 ./system/src/stm32f1-stdperiph/stm32f10x_rcc.o
 .debug_info    0x00000000000014c9       0xba ./system/src/newlib/_exit.o
 .debug_info    0x0000000000001583      0x109 ./system/src/newlib/_sbrk.o
 .debug_info    0x000000000000168c      0x3df ./system/src/newlib/_startup.o
 .debug_info    0x0000000000001a6b      0x7f1 ./system/src/newlib/_syscalls.o
 .debug_info    0x000000000000225c       0xc0 ./system/src/cortexm/_initialize_hardware.o
 .debug_info    0x000000000000231c       0xd4 ./system/src/cortexm/exception_handlers.o
 .debug_info    0x00000000000023f0      0x481 ./system/src/cmsis/system_stm32f10x.o
 .debug_info    0x0000000000002871       0x92 ./system/src/cmsis/vectors_stm32f10x.o
 .debug_info    0x0000000000002903      0x750 ./src/ATcmd_object.o
 .debug_info    0x0000000000003053       0xa5 ./src/DefaultFonts.o
 .debug_info    0x00000000000030f8      0x36f ./src/FSMCDriver.o
 .debug_info    0x0000000000003467      0x662 ./src/delay.o
 .debug_info    0x0000000000003ac9     0x184d ./src/lcd_object.o
 .debug_info    0x0000000000005316      0x525 ./src/main.o
 .debug_info    0x000000000000583b      0x8fc ./src/stm32f10x_fsmc.o
 .debug_info    0x0000000000006137      0x9f0 ./src/stm32f10x_usart.o
 .debug_info    0x0000000000006b27      0x964 ./src/uart_object.o

.debug_abbrev   0x0000000000000000     0x1876
 *(.debug_abbrev)
 .debug_abbrev  0x0000000000000000      0x14a ./system/src/stm32f1-stdperiph/misc.o
 .debug_abbrev  0x000000000000014a      0x1cd ./system/src/stm32f1-stdperiph/stm32f10x_gpio.o
 .debug_abbrev  0x0000000000000317      0x1bf ./system/src/stm32f1-stdperiph/stm32f10x_rcc.o
 .debug_abbrev  0x00000000000004d6       0x6e ./system/src/newlib/_exit.o
 .debug_abbrev  0x0000000000000544       0x8e ./system/src/newlib/_sbrk.o
 .debug_abbrev  0x00000000000005d2      0x152 ./system/src/newlib/_startup.o
 .debug_abbrev  0x0000000000000724      0x165 ./system/src/newlib/_syscalls.o
 .debug_abbrev  0x0000000000000889       0x6a ./system/src/cortexm/_initialize_hardware.o
 .debug_abbrev  0x00000000000008f3       0x47 ./system/src/cortexm/exception_handlers.o
 .debug_abbrev  0x000000000000093a      0x151 ./system/src/cmsis/system_stm32f10x.o
 .debug_abbrev  0x0000000000000a8b       0x92 ./system/src/cmsis/vectors_stm32f10x.o
 .debug_abbrev  0x0000000000000b1d      0x1c0 ./src/ATcmd_object.o
 .debug_abbrev  0x0000000000000cdd       0x48 ./src/DefaultFonts.o
 .debug_abbrev  0x0000000000000d25      0x10a ./src/FSMCDriver.o
 .debug_abbrev  0x0000000000000e2f      0x1a9 ./src/delay.o
 .debug_abbrev  0x0000000000000fd8      0x25c ./src/lcd_object.o
 .debug_abbrev  0x0000000000001234      0x133 ./src/main.o
 .debug_abbrev  0x0000000000001367      0x175 ./src/stm32f10x_fsmc.o
 .debug_abbrev  0x00000000000014dc      0x167 ./src/stm32f10x_usart.o
 .debug_abbrev  0x0000000000001643      0x233 ./src/uart_object.o

.debug_line     0x0000000000000000     0x5009
 *(.debug_line)
 .debug_line    0x0000000000000000      0x3dd ./system/src/stm32f1-stdperiph/misc.o
 .debug_line    0x00000000000003dd      0x53d ./system/src/stm32f1-stdperiph/stm32f10x_gpio.o
 .debug_line    0x000000000000091a      0x64c ./system/src/stm32f1-stdperiph/stm32f10x_rcc.o
 .debug_line    0x0000000000000f66      0x1e6 ./system/src/newlib/_exit.o
 .debug_line    0x000000000000114c      0x194 ./system/src/newlib/_sbrk.o
 .debug_line    0x00000000000012e0      0x25f ./system/src/newlib/_startup.o
 .debug_line    0x000000000000153f      0x3e3 ./system/src/newlib/_syscalls.o
 .debug_line    0x0000000000001922      0x3ae ./system/src/cortexm/_initialize_hardware.o
 .debug_line    0x0000000000001cd0       0xc4 ./system/src/cortexm/exception_handlers.o
 .debug_line    0x0000000000001d94      0x410 ./system/src/cmsis/system_stm32f10x.o
 .debug_line    0x00000000000021a4       0x8e ./system/src/cmsis/vectors_stm32f10x.o
 .debug_line    0x0000000000002232      0x34c ./src/ATcmd_object.o
 .debug_line    0x000000000000257e       0x48 ./src/DefaultFonts.o
 .debug_line    0x00000000000025c6      0x3bc ./src/FSMCDriver.o
 .debug_line    0x0000000000002982      0x3ee ./src/delay.o
 .debug_line    0x0000000000002d70      0xcc1 ./src/lcd_object.o
 .debug_line    0x0000000000003a31      0x492 ./src/main.o
 .debug_line    0x0000000000003ec3      0x5dd ./src/stm32f10x_fsmc.o
 .debug_line    0x00000000000044a0      0x614 ./src/stm32f10x_usart.o
 .debug_line    0x0000000000004ab4      0x555 ./src/uart_object.o

.debug_frame    0x0000000000000000     0x22a0
 *(.debug_frame)
 .debug_frame   0x0000000000000000       0x9c ./system/src/stm32f1-stdperiph/misc.o
 .debug_frame   0x000000000000009c      0x210 ./system/src/stm32f1-stdperiph/stm32f10x_gpio.o
 .debug_frame   0x00000000000002ac      0x388 ./system/src/stm32f1-stdperiph/stm32f10x_rcc.o
 .debug_frame   0x0000000000000634       0x48 ./system/src/newlib/_exit.o
 .debug_frame   0x000000000000067c       0x30 ./system/src/newlib/_sbrk.o
 .debug_frame   0x00000000000006ac       0xa8 ./system/src/newlib/_startup.o
 .debug_frame   0x0000000000000754      0x2e4 ./system/src/newlib/_syscalls.o
 .debug_frame   0x0000000000000a38       0x48 ./system/src/cortexm/_initialize_hardware.o
 .debug_frame   0x0000000000000a80      0x104 ./system/src/cortexm/exception_handlers.o
 .debug_frame   0x0000000000000b84       0x80 ./system/src/cmsis/system_stm32f10x.o
 .debug_frame   0x0000000000000c04       0x28 ./system/src/cmsis/vectors_stm32f10x.o
 .debug_frame   0x0000000000000c2c      0x124 ./src/ATcmd_object.o
 .debug_frame   0x0000000000000d50       0x30 ./src/FSMCDriver.o
 .debug_frame   0x0000000000000d80       0xb8 ./src/delay.o
 .debug_frame   0x0000000000000e38      0x638 ./src/lcd_object.o
 .debug_frame   0x0000000000001470       0x30 ./src/main.o
 .debug_frame   0x00000000000014a0      0x220 ./src/stm32f10x_fsmc.o
 .debug_frame   0x00000000000016c0      0x344 ./src/stm32f10x_usart.o
 .debug_frame   0x0000000000001a04      0x110 ./src/uart_object.o
 .debug_frame   0x0000000000001b14       0x20 /usr/bin/../lib/gcc/arm-none-eabi/4.8.4/../../../../arm-none-eabi/lib/armv7-m/libg.a(lib_a-errno.o)
 .debug_frame   0x0000000000001b34       0x20 /usr/bin/../lib/gcc/arm-none-eabi/4.8.4/../../../../arm-none-eabi/lib/armv7-m/libg.a(lib_a-strlen.o)
 .debug_frame   0x0000000000001b54       0x28 /usr/bin/../lib/gcc/arm-none-eabi/4.8.4/../../../../arm-none-eabi/lib/armv7-m/libg.a(lib_a-strncmp.o)
 .debug_frame   0x0000000000001b7c       0x20 /usr/bin/../lib/gcc/arm-none-eabi/4.8.4/../../../../arm-none-eabi/lib/armv7-m/libg.a(lib_a-strtok.o)
 .debug_frame   0x0000000000001b9c       0x3c /usr/bin/../lib/gcc/arm-none-eabi/4.8.4/../../../../arm-none-eabi/lib/armv7-m/libg.a(lib_a-strtok_r.o)
 .debug_frame   0x0000000000001bd8       0x54 /usr/bin/../lib/gcc/arm-none-eabi/4.8.4/../../../../arm-none-eabi/lib/armv7-m/libg.a(lib_a-vsnprintf.o)
 .debug_frame   0x0000000000001c2c       0x3c /usr/bin/../lib/gcc/arm-none-eabi/4.8.4/../../../../arm-none-eabi/lib/armv7-m/libg.a(lib_a-svfprintf.o)
 .debug_frame   0x0000000000001c68       0x64 /usr/bin/../lib/gcc/arm-none-eabi/4.8.4/../../../../arm-none-eabi/lib/armv7-m/libg.a(lib_a-dtoa.o)
 .debug_frame   0x0000000000001ccc       0x98 /usr/bin/../lib/gcc/arm-none-eabi/4.8.4/../../../../arm-none-eabi/lib/armv7-m/libg.a(lib_a-locale.o)
 .debug_frame   0x0000000000001d64       0x38 /usr/bin/../lib/gcc/arm-none-eabi/4.8.4/../../../../arm-none-eabi/lib/armv7-m/libg.a(lib_a-mallocr.o)
 .debug_frame   0x0000000000001d9c       0x2c /usr/bin/../lib/gcc/arm-none-eabi/4.8.4/../../../../arm-none-eabi/lib/armv7-m/libg.a(lib_a-memchr-stub.o)
 .debug_frame   0x0000000000001dc8       0x30 /usr/bin/../lib/gcc/arm-none-eabi/4.8.4/../../../../arm-none-eabi/lib/armv7-m/libg.a(lib_a-mlock.o)
 .debug_frame   0x0000000000001df8      0x228 /usr/bin/../lib/gcc/arm-none-eabi/4.8.4/../../../../arm-none-eabi/lib/armv7-m/libg.a(lib_a-mprec.o)
 .debug_frame   0x0000000000002020       0x28 /usr/bin/../lib/gcc/arm-none-eabi/4.8.4/../../../../arm-none-eabi/lib/armv7-m/libg.a(lib_a-s_fpclassify.o)
 .debug_frame   0x0000000000002048       0x2c /usr/bin/../lib/gcc/arm-none-eabi/4.8.4/../../../../arm-none-eabi/lib/armv7-m/libg.a(lib_a-sbrkr.o)
 .debug_frame   0x0000000000002074       0x64 /usr/bin/../lib/gcc/arm-none-eabi/4.8.4/../../../../arm-none-eabi/lib/armv7-m/libg.a(lib_a-svfiprintf.o)
 .debug_frame   0x00000000000020d8       0x28 /usr/bin/../lib/gcc/arm-none-eabi/4.8.4/../../../../arm-none-eabi/lib/armv7-m/libg.a(lib_a-callocr.o)
 .debug_frame   0x0000000000002100       0x50 /usr/bin/../lib/gcc/arm-none-eabi/4.8.4/../../../../arm-none-eabi/lib/armv7-m/libg.a(lib_a-freer.o)
 .debug_frame   0x0000000000002150       0x2c /usr/bin/../lib/gcc/arm-none-eabi/4.8.4/../../../../arm-none-eabi/lib/armv7-m/libg.a(lib_a-memmove.o)
 .debug_frame   0x000000000000217c       0x2c /usr/bin/../lib/gcc/arm-none-eabi/4.8.4/../../../../arm-none-eabi/lib/armv7-m/libg.a(lib_a-memset.o)
 .debug_frame   0x00000000000021a8       0x38 /usr/bin/../lib/gcc/arm-none-eabi/4.8.4/../../../../arm-none-eabi/lib/armv7-m/libg.a(lib_a-reallocr.o)
 .debug_frame   0x00000000000021e0       0x58 /usr/bin/../lib/gcc/arm-none-eabi/4.8.4/armv7-m/libgcc.a(bpabi.o)
 .debug_frame   0x0000000000002238       0x34 /usr/bin/../lib/gcc/arm-none-eabi/4.8.4/armv7-m/libgcc.a(_divdi3.o)
 .debug_frame   0x000000000000226c       0x34 /usr/bin/../lib/gcc/arm-none-eabi/4.8.4/armv7-m/libgcc.a(_udivdi3.o)

.debug_str      0x0000000000000000    0x56817
 *(.debug_str)
 .debug_str     0x0000000000000000    0x4e343 ./system/src/stm32f1-stdperiph/misc.o
                                      0x4e4a1 (size before relaxing)
 .debug_str     0x000000000004e343      0x5c8 ./system/src/stm32f1-stdperiph/stm32f10x_gpio.o
                                      0x4e813 (size before relaxing)
 .debug_str     0x000000000004e90b      0xb61 ./system/src/stm32f1-stdperiph/stm32f10x_rcc.o
                                      0x4edf9 (size before relaxing)
 .debug_str     0x000000000004f46c     0x27f8 ./system/src/newlib/_exit.o
                                       0x4ebd (size before relaxing)
 .debug_str     0x0000000000051c64      0x4d6 ./system/src/newlib/_sbrk.o
                                       0x4476 (size before relaxing)
 .debug_str     0x000000000005213a      0x219 ./system/src/newlib/_startup.o
                                       0x3ebb (size before relaxing)
 .debug_str     0x0000000000052353      0xe60 ./system/src/newlib/_syscalls.o
                                       0x5335 (size before relaxing)
 .debug_str     0x00000000000531b3       0x78 ./system/src/cortexm/_initialize_hardware.o
                                      0x4e262 (size before relaxing)
 .debug_str     0x000000000005322b       0xe8 ./system/src/cortexm/exception_handlers.o
                                       0x2503 (size before relaxing)
 .debug_str     0x0000000000053313       0xc7 ./system/src/cmsis/system_stm32f10x.o
                                      0x4e3cc (size before relaxing)
 .debug_str     0x00000000000533da       0x57 ./system/src/cmsis/vectors_stm32f10x.o
                                       0x24a7 (size before relaxing)
 .debug_str     0x0000000000053431     0x1317 ./src/ATcmd_object.o
                                       0x4f70 (size before relaxing)
 .debug_str     0x0000000000054748       0x74 ./src/DefaultFonts.o
                                       0x24a6 (size before relaxing)
 .debug_str     0x00000000000547bc      0x23c ./src/FSMCDriver.o
                                      0x4e57a (size before relaxing)
 .debug_str     0x00000000000549f8      0x42e ./src/delay.o
                                      0x4e740 (size before relaxing)
 .debug_str     0x0000000000054e26      0x3bd ./src/lcd_object.o
                                      0x50e7f (size before relaxing)
 .debug_str     0x00000000000551e3      0x76a ./src/main.o
                                      0x514cc (size before relaxing)
 .debug_str     0x000000000005594d      0x4fb ./src/stm32f10x_fsmc.o
                                      0x4e94f (size before relaxing)
 .debug_str     0x0000000000055e48      0x7f3 ./src/stm32f10x_usart.o
                                      0x4eb0a (size before relaxing)
 .debug_str     0x000000000005663b      0x1dc ./src/uart_object.o
                                      0x50c93 (size before relaxing)

.debug_loc
 *(.debug_loc)

.debug_macinfo
 *(.debug_macinfo)

.debug_weaknames
 *(.debug_weaknames)

.debug_funcnames
 *(.debug_funcnames)

.debug_typenames
 *(.debug_typenames)

.debug_varnames
 *(.debug_varnames)
OUTPUT(SerialLCD_test.elf elf32-littlearm)

.debug_ranges   0x0000000000000000      0x7a8
 .debug_ranges  0x0000000000000000       0x30 ./system/src/stm32f1-stdperiph/misc.o
 .debug_ranges  0x0000000000000030       0x98 ./system/src/stm32f1-stdperiph/stm32f10x_gpio.o
 .debug_ranges  0x00000000000000c8      0x108 ./system/src/stm32f1-stdperiph/stm32f10x_rcc.o
 .debug_ranges  0x00000000000001d0       0x18 ./system/src/newlib/_exit.o
 .debug_ranges  0x00000000000001e8       0x10 ./system/src/newlib/_sbrk.o
 .debug_ranges  0x00000000000001f8       0x30 ./system/src/newlib/_startup.o
 .debug_ranges  0x0000000000000228       0xc0 ./system/src/newlib/_syscalls.o
 .debug_ranges  0x00000000000002e8       0x18 ./system/src/cortexm/_initialize_hardware.o
 .debug_ranges  0x0000000000000300       0x58 ./system/src/cortexm/exception_handlers.o
 .debug_ranges  0x0000000000000358       0x28 ./system/src/cmsis/system_stm32f10x.o
 .debug_ranges  0x0000000000000380       0x10 ./system/src/cmsis/vectors_stm32f10x.o
 .debug_ranges  0x0000000000000390       0x50 ./src/ATcmd_object.o
 .debug_ranges  0x00000000000003e0       0x10 ./src/FSMCDriver.o
 .debug_ranges  0x00000000000003f0       0x38 ./src/delay.o
 .debug_ranges  0x0000000000000428      0x198 ./src/lcd_object.o
 .debug_ranges  0x00000000000005c0       0x10 ./src/main.o
 .debug_ranges  0x00000000000005d0       0xa0 ./src/stm32f10x_fsmc.o
 .debug_ranges  0x0000000000000670       0xf0 ./src/stm32f10x_usart.o
 .debug_ranges  0x0000000000000760       0x48 ./src/uart_object.o

.debug_macro    0x0000000000000000     0xf6be
 .debug_macro   0x0000000000000000      0x180 ./system/src/stm32f1-stdperiph/misc.o
 .debug_macro   0x0000000000000180      0x86e ./system/src/stm32f1-stdperiph/misc.o
 .debug_macro   0x00000000000009ee       0x50 ./system/src/stm32f1-stdperiph/misc.o
 .debug_macro   0x0000000000000a3e       0x3a ./system/src/stm32f1-stdperiph/misc.o
 .debug_macro   0x0000000000000a78       0x16 ./system/src/stm32f1-stdperiph/misc.o
 .debug_macro   0x0000000000000a8e       0x44 ./system/src/stm32f1-stdperiph/misc.o
 .debug_macro   0x0000000000000ad2      0x209 ./system/src/stm32f1-stdperiph/misc.o
 .debug_macro   0x0000000000000cdb       0x2d ./system/src/stm32f1-stdperiph/misc.o
 .debug_macro   0x0000000000000d08      0xa8b ./system/src/stm32f1-stdperiph/misc.o
 .debug_macro   0x0000000000001793     0x7e6d ./system/src/stm32f1-stdperiph/misc.o
 .debug_macro   0x0000000000009600      0x2e4 ./system/src/stm32f1-stdperiph/misc.o
 .debug_macro   0x00000000000098e4      0x144 ./system/src/stm32f1-stdperiph/misc.o
 .debug_macro   0x0000000000009a28      0x3cf ./system/src/stm32f1-stdperiph/misc.o
 .debug_macro   0x0000000000009df7       0xc8 ./system/src/stm32f1-stdperiph/misc.o
 .debug_macro   0x0000000000009ebf      0x17a ./system/src/stm32f1-stdperiph/misc.o
 .debug_macro   0x000000000000a039       0xac ./system/src/stm32f1-stdperiph/misc.o
 .debug_macro   0x000000000000a0e5      0x3ad ./system/src/stm32f1-stdperiph/misc.o
 .debug_macro   0x000000000000a492       0x9d ./system/src/stm32f1-stdperiph/misc.o
 .debug_macro   0x000000000000a52f      0x2cf ./system/src/stm32f1-stdperiph/misc.o
 .debug_macro   0x000000000000a7fe      0x279 ./system/src/stm32f1-stdperiph/misc.o
 .debug_macro   0x000000000000aa77      0x2ac ./system/src/stm32f1-stdperiph/misc.o
 .debug_macro   0x000000000000ad23      0x2b4 ./system/src/stm32f1-stdperiph/misc.o
 .debug_macro   0x000000000000afd7       0x64 ./system/src/stm32f1-stdperiph/misc.o
 .debug_macro   0x000000000000b03b       0x82 ./system/src/stm32f1-stdperiph/misc.o
 .debug_macro   0x000000000000b0bd      0x3e2 ./system/src/stm32f1-stdperiph/misc.o
 .debug_macro   0x000000000000b49f       0x58 ./system/src/stm32f1-stdperiph/misc.o
 .debug_macro   0x000000000000b4f7      0x344 ./system/src/stm32f1-stdperiph/misc.o
 .debug_macro   0x000000000000b83b      0x2c4 ./system/src/stm32f1-stdperiph/misc.o
 .debug_macro   0x000000000000baff      0x711 ./system/src/stm32f1-stdperiph/misc.o
 .debug_macro   0x000000000000c210      0x222 ./system/src/stm32f1-stdperiph/misc.o
 .debug_macro   0x000000000000c432       0x34 ./system/src/stm32f1-stdperiph/misc.o
 .debug_macro   0x000000000000c466       0x35 ./system/src/stm32f1-stdperiph/misc.o
 .debug_macro   0x000000000000c49b       0x85 ./system/src/stm32f1-stdperiph/misc.o
 .debug_macro   0x000000000000c520      0x1c8 ./system/src/stm32f1-stdperiph/stm32f10x_gpio.o
 .debug_macro   0x000000000000c6e8       0x8b ./system/src/stm32f1-stdperiph/stm32f10x_gpio.o
 .debug_macro   0x000000000000c773      0x2a6 ./system/src/stm32f1-stdperiph/stm32f10x_gpio.o
 .debug_macro   0x000000000000ca19      0x296 ./system/src/stm32f1-stdperiph/stm32f10x_rcc.o
 .debug_macro   0x000000000000ccaf      0x3dc ./system/src/stm32f1-stdperiph/stm32f10x_rcc.o
 .debug_macro   0x000000000000d08b      0x11b ./system/src/newlib/_exit.o
 .debug_macro   0x000000000000d1a6       0xa3 ./system/src/newlib/_exit.o
 .debug_macro   0x000000000000d249      0x10e ./system/src/newlib/_exit.o
 .debug_macro   0x000000000000d357       0x86 ./system/src/newlib/_exit.o
 .debug_macro   0x000000000000d3dd       0x43 ./system/src/newlib/_exit.o
 .debug_macro   0x000000000000d420       0x10 ./system/src/newlib/_exit.o
 .debug_macro   0x000000000000d430       0x35 ./system/src/newlib/_exit.o
 .debug_macro   0x000000000000d465       0xd1 ./system/src/newlib/_sbrk.o
 .debug_macro   0x000000000000d536       0x19 ./system/src/newlib/_sbrk.o
 .debug_macro   0x000000000000d54f      0x16d ./system/src/newlib/_sbrk.o
 .debug_macro   0x000000000000d6bc       0x10 ./system/src/newlib/_sbrk.o
 .debug_macro   0x000000000000d6cc      0x23b ./system/src/newlib/_sbrk.o
 .debug_macro   0x000000000000d907       0xe7 ./system/src/newlib/_startup.o
 .debug_macro   0x000000000000d9ee      0x169 ./system/src/newlib/_syscalls.o
 .debug_macro   0x000000000000db57       0x1c ./system/src/newlib/_syscalls.o
 .debug_macro   0x000000000000db73       0x10 ./system/src/newlib/_syscalls.o
 .debug_macro   0x000000000000db83       0x10 ./system/src/newlib/_syscalls.o
 .debug_macro   0x000000000000db93       0x10 ./system/src/newlib/_syscalls.o
 .debug_macro   0x000000000000dba3       0x35 ./system/src/newlib/_syscalls.o
 .debug_macro   0x000000000000dbd8      0x120 ./system/src/newlib/_syscalls.o
 .debug_macro   0x000000000000dcf8       0x22 ./system/src/newlib/_syscalls.o
 .debug_macro   0x000000000000dd1a       0x2b ./system/src/newlib/_syscalls.o
 .debug_macro   0x000000000000dd45      0x118 ./system/src/newlib/_syscalls.o
 .debug_macro   0x000000000000de5d      0x13a ./system/src/newlib/_syscalls.o
 .debug_macro   0x000000000000df97       0x16 ./system/src/newlib/_syscalls.o
 .debug_macro   0x000000000000dfad      0x17a ./system/src/cortexm/_initialize_hardware.o
 .debug_macro   0x000000000000e127       0x1b ./system/src/cortexm/exception_handlers.o
 .debug_macro   0x000000000000e142      0x17d ./system/src/cmsis/system_stm32f10x.o
 .debug_macro   0x000000000000e2bf       0x1b ./system/src/cmsis/vectors_stm32f10x.o
 .debug_macro   0x000000000000e2da       0xeb ./src/ATcmd_object.o
 .debug_macro   0x000000000000e3c5       0x1c ./src/ATcmd_object.o
 .debug_macro   0x000000000000e3e1       0x1c ./src/ATcmd_object.o
 .debug_macro   0x000000000000e3fd       0x16 ./src/ATcmd_object.o
 .debug_macro   0x000000000000e413       0x26 ./src/DefaultFonts.o
 .debug_macro   0x000000000000e439       0x16 ./src/DefaultFonts.o
 .debug_macro   0x000000000000e44f      0x17e ./src/FSMCDriver.o
 .debug_macro   0x000000000000e5cd      0x17a ./src/delay.o
 .debug_macro   0x000000000000e747      0x252 ./src/lcd_object.o
 .debug_macro   0x000000000000e999      0x27c ./src/main.o
 .debug_macro   0x000000000000ec15      0x1aa ./src/stm32f10x_fsmc.o
 .debug_macro   0x000000000000edbf      0x273 ./src/stm32f10x_fsmc.o
 .debug_macro   0x000000000000f032      0x22e ./src/stm32f10x_usart.o
 .debug_macro   0x000000000000f260      0x21c ./src/stm32f10x_usart.o
 .debug_macro   0x000000000000f47c      0x242 ./src/uart_object.o
